module T5 where

import T1

-- >>> unwords example
-- "This is an example of evaluation"
